// Jest Snapshot v1, https://goo.gl/fbAQLP

exports[`validation axios function to return array 1`] = `
[
  "1",
  "2",
  "3",
]
`;

exports[`validation axios mock should return array 1`] = `
[
  "1",
  "2",
  "3",
]
`;
